// Jest Snapshot v1, https://goo.gl/fbAQLP

exports[`App should render user detail page correctly 1`] = `
<ContextConsumer>
  <Component />
</ContextConsumer>
`;

exports[`App should render users page correctly 1`] = `
<ContextConsumer>
  <Component />
</ContextConsumer>
`;
